[0m16:39:57.752534 [debug] [MainThread]: Sending event: {'category': 'dbt', 'action': 'invocation', 'label': 'start', 'context': [<snowplow_tracker.self_describing_json.SelfDescribingJson object at 0x000001CB0C7FAD20>, <snowplow_tracker.self_describing_json.SelfDescribingJson object at 0x000001CB0D05E0C0>, <snowplow_tracker.self_describing_json.SelfDescribingJson object at 0x000001CB0D05ED50>]}


============================== 16:39:57.775977 | ce0a958a-80fb-4930-8702-bbd0f0880bab ==============================
[0m16:39:57.775977 [info ] [MainThread]: Running with dbt=1.9.4
[0m16:39:57.777188 [debug] [MainThread]: running dbt with arguments {'printer_width': '80', 'indirect_selection': 'eager', 'write_json': 'True', 'log_cache_events': 'False', 'partial_parse': 'True', 'cache_selected_only': 'False', 'warn_error': 'None', 'debug': 'False', 'version_check': 'True', 'log_path': 'logs', 'profiles_dir': 'C:\\Users\\NataliaMorales\\.dbt', 'fail_fast': 'False', 'use_colors': 'True', 'use_experimental_parser': 'False', 'no_print': 'None', 'quiet': 'False', 'empty': 'None', 'warn_error_options': 'WarnErrorOptions(include=[], exclude=[])', 'invocation_command': 'dbt init', 'introspect': 'True', 'static_parser': 'True', 'target_path': 'None', 'log_format': 'default', 'send_anonymous_usage_stats': 'True'}
[0m16:39:57.791621 [warn ] [MainThread]: [ConfigFolderDirectory]: Unable to parse logging event dictionary. Failed to parse dir field: expected string or bytes-like object, got 'WindowsPath'.. Dictionary: {'dir': WindowsPath('C:/Users/NataliaMorales/.dbt')}
[0m16:39:57.791621 [info ] [MainThread]: Creating dbt configuration folder at 
[0m16:40:26.497344 [debug] [MainThread]: Starter project path: C:\Users\NataliaMorales\Downloads\BTC\venv\Lib\site-packages\dbt\include\starter_project
[0m16:40:26.537944 [info ] [MainThread]: 
Your new dbt project "BTC" was created!

For more information on how to configure the profiles.yml file,
please consult the dbt documentation here:

  https://docs.getdbt.com/docs/configure-your-profile

One more thing:

Need help? Don't hesitate to reach out to us via GitHub issues or on Slack:

  https://community.getdbt.com/

Happy modeling!

[0m16:40:26.542238 [info ] [MainThread]: Setting up your profile.
[0m16:47:20.285523 [info ] [MainThread]: Profile BTC written to C:\Users\NataliaMorales\.dbt\profiles.yml using target's profile_template.yml and your supplied values. Run 'dbt debug' to validate the connection.
[0m16:47:20.287527 [debug] [MainThread]: Command `dbt init` succeeded at 16:47:20.287527 after 442.69 seconds
[0m16:47:20.287527 [debug] [MainThread]: Sending event: {'category': 'dbt', 'action': 'invocation', 'label': 'end', 'context': [<snowplow_tracker.self_describing_json.SelfDescribingJson object at 0x000001CB0DA32AB0>, <snowplow_tracker.self_describing_json.SelfDescribingJson object at 0x000001CB0FCBE0F0>, <snowplow_tracker.self_describing_json.SelfDescribingJson object at 0x000001CB0F990980>]}
[0m16:47:20.288524 [debug] [MainThread]: Flushing usage events
[0m16:47:20.983472 [debug] [MainThread]: An error was encountered while trying to flush usage events
[0m17:08:54.115173 [debug] [MainThread]: Sending event: {'category': 'dbt', 'action': 'invocation', 'label': 'start', 'context': [<snowplow_tracker.self_describing_json.SelfDescribingJson object at 0x000001BB02FC38C0>, <snowplow_tracker.self_describing_json.SelfDescribingJson object at 0x000001BB02C32150>, <snowplow_tracker.self_describing_json.SelfDescribingJson object at 0x000001BB7FC92030>]}


============================== 17:08:54.120700 | 16188726-97d9-4649-8b99-0efb95322645 ==============================
[0m17:08:54.120700 [info ] [MainThread]: Running with dbt=1.9.4
[0m17:08:54.120700 [debug] [MainThread]: running dbt with arguments {'printer_width': '80', 'indirect_selection': 'eager', 'write_json': 'True', 'log_cache_events': 'False', 'partial_parse': 'True', 'cache_selected_only': 'False', 'warn_error': 'None', 'fail_fast': 'False', 'profiles_dir': 'C:\\Users\\NataliaMorales\\.dbt', 'log_path': 'logs', 'debug': 'False', 'version_check': 'True', 'use_colors': 'True', 'use_experimental_parser': 'False', 'empty': 'None', 'quiet': 'False', 'no_print': 'None', 'log_format': 'default', 'introspect': 'True', 'invocation_command': 'dbt debug', 'warn_error_options': 'WarnErrorOptions(include=[], exclude=[])', 'target_path': 'None', 'static_parser': 'True', 'send_anonymous_usage_stats': 'True'}
[0m17:08:54.150255 [info ] [MainThread]: dbt version: 1.9.4
[0m17:08:54.151258 [info ] [MainThread]: python version: 3.12.10
[0m17:08:54.151258 [info ] [MainThread]: python path: C:\Users\NataliaMorales\Downloads\BTC\venv\Scripts\python.exe
[0m17:08:54.151258 [info ] [MainThread]: os info: Windows-11-10.0.26200-SP0
[0m17:08:54.458031 [info ] [MainThread]: Using profiles dir at C:\Users\NataliaMorales\.dbt
[0m17:08:54.458031 [info ] [MainThread]: Using profiles.yml file at C:\Users\NataliaMorales\.dbt\profiles.yml
[0m17:08:54.459538 [info ] [MainThread]: Using dbt_project.yml file at C:\Users\NataliaMorales\Downloads\BTC\dbt_project.yml
[0m17:08:54.460552 [info ] [MainThread]: adapter type: snowflake
[0m17:08:54.461796 [info ] [MainThread]: adapter version: 1.9.4
[0m17:08:54.461796 [info ] [MainThread]: Configuration:
[0m17:08:54.462806 [info ] [MainThread]:   profiles.yml file [[32mOK found and valid[0m]
[0m17:08:54.464814 [info ] [MainThread]:   dbt_project.yml file [[31mERROR not found[0m]
[0m17:08:54.464814 [info ] [MainThread]: Required dependencies:
[0m17:08:54.464814 [debug] [MainThread]: Executing "git --help"
[0m17:08:54.524218 [debug] [MainThread]: STDOUT: "b"usage: git [-v | --version] [-h | --help] [-C <path>] [-c <name>=<value>]\n           [--exec-path[=<path>]] [--html-path] [--man-path] [--info-path]\n           [-p | --paginate | -P | --no-pager] [--no-replace-objects] [--no-lazy-fetch]\n           [--no-optional-locks] [--no-advice] [--bare] [--git-dir=<path>]\n           [--work-tree=<path>] [--namespace=<name>] [--config-env=<name>=<envvar>]\n           <command> [<args>]\n\nThese are common Git commands used in various situations:\n\nstart a working area (see also: git help tutorial)\n   clone      Clone a repository into a new directory\n   init       Create an empty Git repository or reinitialize an existing one\n\nwork on the current change (see also: git help everyday)\n   add        Add file contents to the index\n   mv         Move or rename a file, a directory, or a symlink\n   restore    Restore working tree files\n   rm         Remove files from the working tree and from the index\n\nexamine the history and state (see also: git help revisions)\n   bisect     Use binary search to find the commit that introduced a bug\n   diff       Show changes between commits, commit and working tree, etc\n   grep       Print lines matching a pattern\n   log        Show commit logs\n   show       Show various types of objects\n   status     Show the working tree status\n\ngrow, mark and tweak your common history\n   backfill   Download missing objects in a partial clone\n   branch     List, create, or delete branches\n   commit     Record changes to the repository\n   merge      Join two or more development histories together\n   rebase     Reapply commits on top of another base tip\n   reset      Reset current HEAD to the specified state\n   switch     Switch branches\n   tag        Create, list, delete or verify tags\n\ncollaborate (see also: git help workflows)\n   fetch      Download objects and refs from another repository\n   pull       Fetch from and integrate with another repository or a local branch\n   push       Update remote refs along with associated objects\n\n'git help -a' and 'git help -g' list available subcommands and some\nconcept guides. See 'git help <command>' or 'git help <concept>'\nto read about a specific subcommand or concept.\nSee 'git help git' for an overview of the system.\n""
[0m17:08:54.524218 [debug] [MainThread]: STDERR: "b''"
[0m17:08:54.525217 [info ] [MainThread]:  - git [[32mOK found[0m]

[0m17:08:54.525217 [info ] [MainThread]: Connection:
[0m17:08:54.525217 [info ] [MainThread]:   account: PGXJJQA-VAB65231
[0m17:08:54.526721 [info ] [MainThread]:   user: NATALIA
[0m17:08:54.526721 [info ] [MainThread]:   database: BTC
[0m17:08:54.526721 [info ] [MainThread]:   warehouse: COMPUTE_WH
[0m17:08:54.527729 [info ] [MainThread]:   role: ACCOUNTADMIN
[0m17:08:54.527729 [info ] [MainThread]:   schema: DBT_NMORALES
[0m17:08:54.527729 [info ] [MainThread]:   authenticator: None
[0m17:08:54.527729 [info ] [MainThread]:   oauth_client_id: None
[0m17:08:54.528728 [info ] [MainThread]:   query_tag: None
[0m17:08:54.528728 [info ] [MainThread]:   client_session_keep_alive: False
[0m17:08:54.528728 [info ] [MainThread]:   host: None
[0m17:08:54.529735 [info ] [MainThread]:   port: None
[0m17:08:54.529735 [info ] [MainThread]:   proxy_host: None
[0m17:08:54.529735 [info ] [MainThread]:   proxy_port: None
[0m17:08:54.529735 [info ] [MainThread]:   protocol: None
[0m17:08:54.531050 [info ] [MainThread]:   connect_retries: 1
[0m17:08:54.531050 [info ] [MainThread]:   connect_timeout: None
[0m17:08:54.531050 [info ] [MainThread]:   retry_on_database_errors: False
[0m17:08:54.531050 [info ] [MainThread]:   retry_all: False
[0m17:08:54.531050 [info ] [MainThread]:   insecure_mode: False
[0m17:08:54.531050 [info ] [MainThread]:   reuse_connections: True
[0m17:08:54.532309 [info ] [MainThread]: Registered adapter: snowflake=1.9.4
[0m17:08:55.156342 [debug] [MainThread]: Acquiring new snowflake connection 'debug'
[0m17:09:04.099648 [debug] [MainThread]: Using snowflake connection "debug"
[0m17:09:04.099648 [debug] [MainThread]: On debug: select 1 as id
[0m17:09:04.103436 [debug] [MainThread]: Opening a new connection, currently in state init
[0m17:09:15.806443 [debug] [MainThread]: SQL status: SUCCESS 1 in 11.704 seconds
[0m17:09:15.807443 [info ] [MainThread]:   Connection test: [[32mOK connection ok[0m]

[0m17:09:15.809431 [info ] [MainThread]: [31m1 check failed:[0m
[0m17:09:15.809431 [info ] [MainThread]: Project loading failed for the following reason:
 project path <C:\Users\NataliaMorales\Downloads\BTC\dbt_project.yml> not found

[0m17:09:15.811350 [debug] [MainThread]: Command `dbt debug` failed at 17:09:15.811350 after 21.85 seconds
[0m17:09:15.812372 [debug] [MainThread]: Connection 'debug' was left open.
[0m17:09:15.812372 [debug] [MainThread]: On debug: Close
[0m17:09:16.629868 [debug] [MainThread]: Sending event: {'category': 'dbt', 'action': 'invocation', 'label': 'end', 'context': [<snowplow_tracker.self_describing_json.SelfDescribingJson object at 0x000001BB02BE6A50>, <snowplow_tracker.self_describing_json.SelfDescribingJson object at 0x000001BB04D61760>, <snowplow_tracker.self_describing_json.SelfDescribingJson object at 0x000001BB05853350>]}
[0m17:09:16.630883 [debug] [MainThread]: Flushing usage events
[0m17:09:17.393310 [debug] [MainThread]: An error was encountered while trying to flush usage events
